docker : #0 building with "desktop-linux" instance using docker driver
At line:1 char:1
+ docker build --no-cache --progress=plain . > build_output.txt 2>&1; e ...
+ ~~~~~~~~~~~~~~~~~~~~~~~~~~~~~~~~~~~~~~~~~~~~~~~~~~~~~~~~~~~~~~~~~~
    + CategoryInfo          : NotSpecified: (#0 building wit...g docker driver 
   :String) [], RemoteException
    + FullyQualifiedErrorId : NativeCommandError
 

#1 [internal] load build definition from Dockerfile
#1 transferring dockerfile:
#1 transferring dockerfile: 768B 0.2s done
#1 DONE 0.5s

#2 [internal] load metadata for docker.io/library/node:22-alpine
#2 DONE 1.8s

#3 [internal] load .dockerignore
#3 transferring context: 133B 0.0s done
#3 DONE 0.1s

#4 [internal] load build context
#4 DONE 0.0s

#5 [deps 1/4] FROM docker.io/library/node:22-alpine@sha256:8ea2348b068a9544dae7
317b4f3aafcdc032df1647bb7d768a05a5cad1a7683f
#5 resolve docker.io/library/node:22-alpine@sha256:8ea2348b068a9544dae7317b4f3a
afcdc032df1647bb7d768a05a5cad1a7683f 0.1s done
#5 DONE 0.1s

#6 [deps 2/4] WORKDIR /app
#6 CACHED

#4 [internal] load build context
#4 transferring context: 10.35kB 0.5s done
#4 DONE 0.6s

#7 [deps 3/4] COPY package.json package-lock.json* ./
#7 DONE 0.2s

#8 [runner 3/6] RUN addgroup --system --gid 1001 nodejs
#8 DONE 4.6s

#9 [deps 4/4] RUN npm ci
#9 ...

#10 [runner 4/6] RUN adduser --system --uid 1001 nextjs
#10 DONE 1.4s

#9 [deps 4/4] RUN npm ci
#9 162.7 
#9 162.7 added 111 packages, and audited 112 packages in 3m
#9 162.7 
#9 162.7 27 packages are looking for funding
#9 162.7   run `npm fund` for details
#9 163.5 
#9 163.5 2 vulnerabilities (1 moderate, 1 high)
#9 163.5 
#9 163.5 To address all issues (including breaking changes), run:
#9 163.5   npm audit fix --force
#9 163.5 
#9 163.5 Run `npm audit` for details.
#9 163.7 npm notice
#9 163.7 npm notice New major version of npm available! 10.9.7 -> 11.13.0
#9 163.7 npm notice Changelog: https://github.com/npm/cli/releases/tag/v11.13.0
#9 163.7 npm notice To update run: npm install -g npm@11.13.0
#9 163.7 npm notice
#9 DONE 166.1s

#11 [builder 3/5] COPY --from=deps /app/node_modules ./node_modules
#11 DONE 117.2s

#12 [builder 4/5] COPY . .
#12 DONE 0.8s

#13 [builder 5/5] RUN npm run build
#13 6.996 
#13 6.996 > palestine-and-the-law@0.1.0 build
#13 6.996 > next build
#13 6.996 
#13 12.13 Attention: Next.js now collects completely anonymous telemetry 
regarding usage.
#13 12.13 This information is used to shape Next.js' roadmap and prioritize 
features.
#13 12.13 You can learn more, including how to opt-out if you'd not like to 
participate in this anonymous program, by visiting the following URL:
#13 12.13 https://nextjs.org/telemetry
#13 12.13 
#13 12.73   Ôû▓ Next.js 14.2.35
#13 12.73 
#13 13.16    Creating an optimized production build ...
#13 82.00  Ô£ô Compiled successfully
#13 82.01    Linting and checking validity of types ...
#13 140.4    Collecting page data ...
#13 155.9    Generating static pages (0/9) ...
#13 160.3    Generating static pages (2/9) 
#13 160.3    Generating static pages (4/9) 
#13 161.5    Generating static pages (6/9) 
#13 162.4  Ô£ô Generating static pages (9/9)
#13 165.6    Finalizing page optimization ...
#13 165.6    Collecting build traces ...
#13 249.9 
#13 250.0 Route (app)                              Size     First Load JS
#13 250.0 Ôöî Ôùï /                                    5.34 kB         101 kB
#13 250.0 Ôö£ Ôùï /_not-found                          873 B          88.1 kB
#13 250.0 Ôö£ ãÆ /api/chapter                         0 B                0 B
#13 250.0 Ôö£ Ôùï /contact                             2.13 kB        89.4 kB
#13 250.0 Ôö£ Ôùï /contents                            9.23 kB         105 kB
#13 250.0 Ôö£ Ôùï /dedication                          175 B          96.1 kB
#13 250.0 Ôöö Ôùï /updates                             3.44 kB        90.7 kB
#13 250.0 + First Load JS shared by all            87.3 kB
#13 250.0   Ôö£ chunks/117-f29773f80b6a0b3f.js       31.7 kB
#13 250.0   Ôö£ chunks/fd9d1056-f8a2d551cbb94c85.js  53.6 kB
#13 250.0   Ôöö other shared chunks (total)          1.89 kB
#13 250.0 
#13 250.0 
#13 250.0 Ôùï  (Static)   prerendered as static content
#13 250.0 ãÆ  (Dynamic)  server-rendered on demand
#13 250.0 
#13 251.4 npm notice
#13 251.4 npm notice New major version of npm available! 10.9.7 -> 11.13.0
#13 251.4 npm notice Changelog: 
https://github.com/npm/cli/releases/tag/v11.13.0
#13 251.4 npm notice To update run: npm install -g npm@11.13.0
#13 251.4 npm notice
#13 DONE 300.2s

#14 [runner 5/6] COPY --from=builder --chown=nextjs:nodejs 
/app/.next/standalone ./
#14 DONE 12.4s

#15 [runner 6/6] COPY --from=builder --chown=nextjs:nodejs /app/.next/static 
./.next/static
#15 DONE 2.7s

#16 exporting to image
#16 exporting layers
#16 exporting layers 7.4s done
#16 exporting manifest 
sha256:0e7c3b32a9c147d5f8c2c046e4e6d7142538d615c6ea30e87eb3bce84bc1fbac
#16 exporting manifest 
sha256:0e7c3b32a9c147d5f8c2c046e4e6d7142538d615c6ea30e87eb3bce84bc1fbac 0.1s 
done
#16 exporting config 
sha256:e1ebd41129400eb9384f006943fed70e8b922e46a61b6f68a3f8811bf3fb98a3
#16 exporting config 
sha256:e1ebd41129400eb9384f006943fed70e8b922e46a61b6f68a3f8811bf3fb98a3 0.1s 
done
#16 exporting attestation manifest 
sha256:768cb275501f7edd59fd1b2bc6bfc046d32f49b299efcde614fb22dcf2dc32e3
#16 exporting attestation manifest 
sha256:768cb275501f7edd59fd1b2bc6bfc046d32f49b299efcde614fb22dcf2dc32e3 0.3s 
done
#16 exporting manifest list 
sha256:8c5f41c2ed670abb1be9e6e6172d428fe5fdbeae96b3e6ed27d85d2015fcdddd
#16 exporting manifest list 
sha256:8c5f41c2ed670abb1be9e6e6172d428fe5fdbeae96b3e6ed27d85d2015fcdddd 0.6s 
done
#16 naming to moby-dangling@sha256:8c5f41c2ed670abb1be9e6e6172d428fe5fdbeae96b3
e6ed27d85d2015fcdddd
#16 naming to moby-dangling@sha256:8c5f41c2ed670abb1be9e6e6172d428fe5fdbeae96b3
e6ed27d85d2015fcdddd 0.1s done
#16 unpacking to moby-dangling@sha256:8c5f41c2ed670abb1be9e6e6172d428fe5fdbeae9
6b3e6ed27d85d2015fcdddd
#16 unpacking to moby-dangling@sha256:8c5f41c2ed670abb1be9e6e6172d428fe5fdbeae9
6b3e6ed27d85d2015fcdddd 14.1s done
#16 DONE 23.5s
